// Jest Snapshot v1, https://goo.gl/fbAQLP

exports[`Prepare names changes list snapshot 1`] = `
Object {
  "allcash_0": Object {
    "endDate": "01.01.2100 23:59",
    "fromDate": "01.09.2023 10:22",
    "id": "1",
    "name": "AllCash",
  },
  "beda_0": Object {
    "endDate": "03.05.2023 02:05",
    "fromDate": "03.02.2023 02:05",
    "id": "2",
    "name": "beda",
  },
  "borigen_0": Object {
    "endDate": "01.01.2100 23:59",
    "fromDate": "08.04.2023 22:03",
    "id": "4",
    "name": "borigen",
  },
  "callisto1_0": Object {
    "endDate": "20.12.2022 12:45",
    "fromDate": "01.01.1970 00:00",
    "id": "1",
    "name": "callisto1",
  },
  "kanistra_0": Object {
    "endDate": "01.09.2023 10:22",
    "fromDate": "30.06.2023 08:29",
    "id": "1",
    "name": "kanistra",
  },
  "londor_0": Object {
    "endDate": "03.03.2023 02:05",
    "fromDate": "01.01.1970 00:00",
    "id": "3",
    "name": "Londor",
  },
  "londor_1": Object {
    "endDate": "01.01.2100 23:59",
    "fromDate": "03.04.2023 02:05",
    "id": "3",
    "name": "londor",
  },
  "markovnik_0": Object {
    "endDate": "08.04.2023 22:03",
    "fromDate": "01.01.1970 00:00",
    "id": "4",
    "name": "Markovnik",
  },
  "morpex_0": Object {
    "endDate": "26.12.2022 19:01",
    "fromDate": "12.11.2022 03:21",
    "id": "0",
    "name": "morpex",
  },
  "neon_0": Object {
    "endDate": "03.02.2023 02:05",
    "fromDate": "01.01.1970 00:00",
    "id": "2",
    "name": "neon",
  },
  "neon_1": Object {
    "endDate": "03.04.2023 02:05",
    "fromDate": "03.03.2023 02:05",
    "id": "3",
    "name": "neon",
  },
  "neon_2": Object {
    "endDate": "01.01.2100 23:59",
    "fromDate": "03.05.2023 02:05",
    "id": "2",
    "name": "neon",
  },
  "outkast_0": Object {
    "endDate": "30.06.2023 08:29",
    "fromDate": "20.12.2022 12:45",
    "id": "1",
    "name": "Outkast",
  },
  "parker_0": Object {
    "endDate": "12.11.2022 03:21",
    "fromDate": "01.01.1970 00:00",
    "id": "0",
    "name": "Parker",
  },
  "parker_1": Object {
    "endDate": "01.01.2100 23:59",
    "fromDate": "26.12.2022 19:01",
    "id": "0",
    "name": "Parker",
  },
}
`;
